// Jest Snapshot v1, https://goo.gl/fbAQLP

exports[`Home renders snapshot 1`] = `null`;
